mysql> create table dept(
    -> dept_it int(10) primary key,
    -> dept_name varchar(20) not null
    -> )
    -> ;
Query OK, 0 rows affected, 1 warning (0.08 sec)

mysql> create table emp(
    -> emp_id int(10) primary key,
    -> emp_name varchar(20) not null,
    -> dept_id int(10),
    -> );
ERROR 1064 (42000): You have an error in your SQL syntax; check the manual that corresponds to your MySQL server version for the right syntax to use near ')' at line 5
mysql> create table emp(
    -> emp_id int(10) primary key,
    -> emp_name varchar(20) not null,
    -> dept_id int(10)
    -> );
Query OK, 0 rows affected, 2 warnings (0.02 sec)

mysql> alter table dept rename dept_it to dept_id;
ERROR 1064 (42000): You have an error in your SQL syntax; check the manual that corresponds to your MySQL server version for the right syntax to use near 'to dept_id' at line 1
mysql> alter table dept change column dept_it dept_id int(10);
Query OK, 0 rows affected, 1 warning (0.03 sec)
Records: 0  Duplicates: 0  Warnings: 1

mysql> desc dept;
+-----------+-------------+------+-----+---------+-------+
| Field     | Type        | Null | Key | Default | Extra |
+-----------+-------------+------+-----+---------+-------+
| dept_id   | int         | NO   | PRI | NULL    |       |
| dept_name | varchar(20) | NO   |     | NULL    |       |
+-----------+-------------+------+-----+---------+-------+
2 rows in set (0.01 sec)

mysql> alter table emp
    -> add constraint foreign key(dept_id) refrences dept(dept_id);
ERROR 1064 (42000): You have an error in your SQL syntax; check the manual that corresponds to your MySQL server version for the right syntax to use near 'refrences dept(dept_id)' at line 2
mysql> alter table emp
    -> add foreign key(dept_id) refrences dept(dept_id);
ERROR 1064 (42000): You have an error in your SQL syntax; check the manual that corresponds to your MySQL server version for the right syntax to use near 'refrences dept(dept_id)' at line 2
mysql> ALTER TABLE emp
    -> ADD FOREIGN KEY (dept_id) REFERENCES dept(dept_id);
Query OK, 0 rows affected (0.06 sec)
Records: 0  Duplicates: 0  Warnings: 0

mysql> describe dept;
+-----------+-------------+------+-----+---------+-------+
| Field     | Type        | Null | Key | Default | Extra |
+-----------+-------------+------+-----+---------+-------+
| dept_id   | int         | NO   | PRI | NULL    |       |
| dept_name | varchar(20) | NO   |     | NULL    |       |
+-----------+-------------+------+-----+---------+-------+
2 rows in set (0.00 sec)

mysql> desc emp
    -> ;
+----------+-------------+------+-----+---------+-------+
| Field    | Type        | Null | Key | Default | Extra |
+----------+-------------+------+-----+---------+-------+
| emp_id   | int         | NO   | PRI | NULL    |       |
| emp_name | varchar(20) | NO   |     | NULL    |       |
| dept_id  | int         | YES  | MUL | NULL    |       |
+----------+-------------+------+-----+---------+-------+
3 rows in set (0.00 sec)

mysql> insert into dept values('1','IT'),('2','HR');
Query OK, 2 rows affected (0.01 sec)
Records: 2  Duplicates: 0  Warnings: 0

mysql> insert into emp values('101','Atharva','1')
    -> ;
Query OK, 1 row affected (0.00 sec)

mysql> insert into emp values('102','Arnav','2');
Query OK, 1 row affected (0.00 sec)

mysql> insert into emp values('103','Harshad','3');
ERROR 1452 (23000): Cannot add or update a child row: a foreign key constraint fails (`pvg`.`emp`, CONSTRAINT `emp_ibfk_1` FOREIGN KEY (`dept_id`) REFERENCES `dept` (`dept_id`))
mysql> select * from dept;
+---------+-----------+
| dept_id | dept_name |
+---------+-----------+
|       1 | IT        |
|       2 | HR        |
+---------+-----------+
2 rows in set (0.00 sec)

mysql> select * from emp;
+--------+----------+---------+
| emp_id | emp_name | dept_id |
+--------+----------+---------+
|    101 | Atharva  |       1 |
|    102 | Arnav    |       2 |
+--------+----------+---------+
2 rows in set (0.00 sec)

mysql> show create table emp;
+-------+--------------------------------------------------------------------------------------------------------------------------------------------------------------------------------------------------------------------------------------------------------------------------------------------------------------------------+
| Table | Create Table

           |
+-------+--------------------------------------------------------------------------------------------------------------------------------------------------------------------------------------------------------------------------------------------------------------------------------------------------------------------------+
| emp   | CREATE TABLE `emp` (
  `emp_id` int NOT NULL,
  `emp_name` varchar(20) NOT NULL,
  `dept_id` int DEFAULT NULL,
  PRIMARY KEY (`emp_id`),
  KEY `dept_id` (`dept_id`),
  CONSTRAINT `emp_ibfk_1` FOREIGN KEY (`dept_id`) REFERENCES `dept` (`dept_id`)
) ENGINE=InnoDB DEFAULT CHARSET=utf8mb4 COLLATE=utf8mb4_0900_ai_ci |
+-------+--------------------------------------------------------------------------------------------------------------------------------------------------------------------------------------------------------------------------------------------------------------------------------------------------------------------------+
1 row in set (0.00 sec)

mysql> alter table emp drop foreign key emp_ibfk_1;
Query OK, 0 rows affected (0.01 sec)
Records: 0  Duplicates: 0  Warnings: 0

mysql> desc emp;
+----------+-------------+------+-----+---------+-------+
| Field    | Type        | Null | Key | Default | Extra |
+----------+-------------+------+-----+---------+-------+
| emp_id   | int         | NO   | PRI | NULL    |       |
| emp_name | varchar(20) | NO   |     | NULL    |       |
| dept_id  | int         | YES  | MUL | NULL    |       |
+----------+-------------+------+-----+---------+-------+
3 rows in set (0.00 sec)

mysql> desc dept;
+-----------+-------------+------+-----+---------+-------+
| Field     | Type        | Null | Key | Default | Extra |
+-----------+-------------+------+-----+---------+-------+
| dept_id   | int         | NO   | PRI | NULL    |       |
| dept_name | varchar(20) | NO   |     | NULL    |       |
+-----------+-------------+------+-----+---------+-------+
2 rows in set (0.00 sec)

mysql> show create table emp;
+-------+-----------------------------------------------------------------------------------------------------------------------------------------------------------------------------------------------------------------------------------------+
| Table | Create Table
                                                                                      |
+-------+-----------------------------------------------------------------------------------------------------------------------------------------------------------------------------------------------------------------------------------------+
| emp   | CREATE TABLE `emp` (
  `emp_id` int NOT NULL,
  `emp_name` varchar(20) NOT NULL,
  `dept_id` int DEFAULT NULL,
  PRIMARY KEY (`emp_id`),
  KEY `dept_id` (`dept_id`)
) ENGINE=InnoDB DEFAULT CHARSET=utf8mb4 COLLATE=utf8mb4_0900_ai_ci |
+-------+-----------------------------------------------------------------------------------------------------------------------------------------------------------------------------------------------------------------------------------------+
1 row in set (0.00 sec)

mysql> SHOW INDEX FROM emp;
+-------+------------+----------+--------------+-------------+-----------+-------------+----------+--------+------+------------+---------+---------------+---------+------------+
| Table | Non_unique | Key_name | Seq_in_index | Column_name | Collation | Cardinality | Sub_part | Packed | Null | Index_type | Comment | Index_comment | Visible | Expression |
+-------+------------+----------+--------------+-------------+-----------+-------------+----------+--------+------+------------+---------+---------------+---------+------------+
| emp   |          0 | PRIMARY  |            1 | emp_id      | A         |           2 |     NULL |   NULL |      | BTREE      |         |               | YES     | NULL       |
| emp   |          1 | dept_id  |            1 | dept_id     | A         |           2 |     NULL |   NULL | YES  | BTREE      |         |               | YES     | NULL       |
+-------+------------+----------+--------------+-------------+-----------+-------------+----------+--------+------+------------+---------+---------------+---------+------------+
2 rows in set (0.01 sec)

mysql> use information_schema;
Database changed
mysql> show tables;
+---------------------------------------+
| Tables_in_information_schema          |
+---------------------------------------+
| ADMINISTRABLE_ROLE_AUTHORIZATIONS     |
| APPLICABLE_ROLES                      |
| CHARACTER_SETS                        |
| CHECK_CONSTRAINTS                     |
| COLLATION_CHARACTER_SET_APPLICABILITY |
| COLLATIONS                            |
| COLUMN_PRIVILEGES                     |
| COLUMN_STATISTICS                     |
| COLUMNS                               |
| COLUMNS_EXTENSIONS                    |
| ENABLED_ROLES                         |
| ENGINES                               |
| EVENTS                                |
| FILES                                 |
| INNODB_BUFFER_PAGE                    |
| INNODB_BUFFER_PAGE_LRU                |
| INNODB_BUFFER_POOL_STATS              |
| INNODB_CACHED_INDEXES                 |
| INNODB_CMP                            |
| INNODB_CMP_PER_INDEX                  |
| INNODB_CMP_PER_INDEX_RESET            |
| INNODB_CMP_RESET                      |
| INNODB_CMPMEM                         |
| INNODB_CMPMEM_RESET                   |
| INNODB_COLUMNS                        |
| INNODB_DATAFILES                      |
| INNODB_FIELDS                         |
| INNODB_FOREIGN                        |
| INNODB_FOREIGN_COLS                   |
| INNODB_FT_BEING_DELETED               |
| INNODB_FT_CONFIG                      |
| INNODB_FT_DEFAULT_STOPWORD            |
| INNODB_FT_DELETED                     |
| INNODB_FT_INDEX_CACHE                 |
| INNODB_FT_INDEX_TABLE                 |
| INNODB_INDEXES                        |
| INNODB_METRICS                        |
| INNODB_SESSION_TEMP_TABLESPACES       |
| INNODB_TABLES                         |
| INNODB_TABLESPACES                    |
| INNODB_TABLESPACES_BRIEF              |
| INNODB_TABLESTATS                     |
| INNODB_TEMP_TABLE_INFO                |
| INNODB_TRX                            |
| INNODB_VIRTUAL                        |
| KEY_COLUMN_USAGE                      |
| KEYWORDS                              |
| OPTIMIZER_TRACE                       |
| PARAMETERS                            |
| PARTITIONS                            |
| PLUGINS                               |
| PROCESSLIST                           |
| PROFILING                             |
| REFERENTIAL_CONSTRAINTS               |
| RESOURCE_GROUPS                       |
| ROLE_COLUMN_GRANTS                    |
| ROLE_ROUTINE_GRANTS                   |
| ROLE_TABLE_GRANTS                     |
| ROUTINES                              |
| SCHEMA_PRIVILEGES                     |
| SCHEMATA                              |
| SCHEMATA_EXTENSIONS                   |
| ST_GEOMETRY_COLUMNS                   |
| ST_SPATIAL_REFERENCE_SYSTEMS          |
| ST_UNITS_OF_MEASURE                   |
| STATISTICS                            |
| TABLE_CONSTRAINTS                     |
| TABLE_CONSTRAINTS_EXTENSIONS          |
| TABLE_PRIVILEGES                      |
| TABLES                                |
| TABLES_EXTENSIONS                     |
| TABLESPACES                           |
| TABLESPACES_EXTENSIONS                |
| TRIGGERS                              |
| USER_ATTRIBUTES                       |
| USER_PRIVILEGES                       |
| VIEW_ROUTINE_USAGE                    |
| VIEW_TABLE_USAGE                      |
| VIEWS                                 |
+---------------------------------------+
79 rows in set (0.01 sec)

mysql> select * from REFERENTIAL_CONSTRAINTS
    -> ;
Empty set (0.01 sec)

mysql> use pvg;
Database changed
mysql> alter table emp add
    -> foreign key(dept_id) references dept(dept_id);
Query OK, 2 rows affected (0.04 sec)
Records: 2  Duplicates: 0  Warnings: 0

mysql> select * from information_schema.referential_constraints;
+--------------------+-------------------+-----------------+---------------------------+--------------------------+------------------------+--------------+-------------+-------------+------------+-----------------------+
| CONSTRAINT_CATALOG | CONSTRAINT_SCHEMA | CONSTRAINT_NAME | UNIQUE_CONSTRAINT_CATALOG | UNIQUE_CONSTRAINT_SCHEMA | UNIQUE_CONSTRAINT_NAME | MATCH_OPTION |UPDATE_RULE | DELETE_RULE | TABLE_NAME | REFERENCED_TABLE_NAME |
+--------------------+-------------------+-----------------+---------------------------+--------------------------+------------------------+--------------+-------------+-------------+------------+-----------------------+
| def                | pvg               | emp_ibfk_1      | def                       | pvg                      | PRIMARY                | NONE         |NO ACTION   | NO ACTION   | emp        | dept                  |
+--------------------+-------------------+-----------------+---------------------------+--------------------------+------------------------+--------------+-------------+-------------+------------+-----------------------+
1 row in set (0.00 sec)

mysql>
